// Jest Snapshot v1, https://goo.gl/fbAQLP

exports[`rendered Paddler matches snapshot 1`] = `
<div
  style={
    Object {
      "border": "1px solid green",
    }
  }
/>
`;
